Key 'organization' not found in org_data
